sby04@DESKTOP-SONJIWON MINGW64 ~/git-practice
$ git config --global user.name jiwon

sby04@DESKTOP-SONJIWON MINGW64 ~/git-practice
$ git config --global user.email sby04056@gmail.com

sby04@DESKTOP-SONJIWON MINGW64 ~/git-practice
$ git config --global --list
user.name=jiwon
user.email=sby04056@gmail.com

sby04@DESKTOP-SONJIWON MINGW64 ~/git-practice
$ git init
Initialized empty Git repository in C:/Users/sby04/git-practice/.git/

sby04@DESKTOP-SONJIWON MINGW64 ~/git-practice (master)
$ ls -a
./  ../  .git/

sby04@DESKTOP-SONJIWON MINGW64 ~/git-practice (master)
$ touch a.txt

sby04@DESKTOP-SONJIWON MINGW64 ~/git-practice (master)
$ gif status
bash: gif: command not found

sby04@DESKTOP-SONJIWON MINGW64 ~/git-practice (master)
$ git status
On branch master

No commits yet

Untracked files:
  (use "git add <file>..." to include in what will be committed)
        a.txt

nothing added to commit but untracked files present (use "git add" to track)

sby04@DESKTOP-SONJIWON MINGW64 ~/git-practice (master)
$ git add a.txt

sby04@DESKTOP-SONJIWON MINGW64 ~/git-practice (master)
$ git status
On branch master

No commits yet

Changes to be committed:
  (use "git rm --cached <file>..." to unstage)
        new file:   a.txt


sby04@DESKTOP-SONJIWON MINGW64 ~/git-practice (master)
$ git commit -m "first commit"
[master (root-commit) b3e6a50] first commit
 1 file changed, 0 insertions(+), 0 deletions(-)
 create mode 100644 a.txt

sby04@DESKTOP-SONJIWON MINGW64 ~/git-practice (master)
$ git status
On branch master
Changes not staged for commit:
  (use "git add <file>..." to update what will be committed)
  (use "git restore <file>..." to discard changes in working directory)
        modified:   a.txt

no changes added to commit (use "git add" and/or "git commit -a")

sby04@DESKTOP-SONJIWON MINGW64 ~/git-practice (master)
$ git add a.txt

sby04@DESKTOP-SONJIWON MINGW64 ~/git-practice (master)
$ git status
On branch master
Changes to be committed:
  (use "git restore --staged <file>..." to unstage)
        modified:   a.txt


sby04@DESKTOP-SONJIWON MINGW64 ~/git-practice (master)
$ git commit -m "second commit"
[master cbf4f82] second commit
 1 file changed, 1 insertion(+)

sby04@DESKTOP-SONJIWON MINGW64 ~/git-practice (master)
$ git status
On branch master
nothing to commit, working tree clean

sby04@DESKTOP-SONJIWON MINGW64 ~/git-practice (master)
$ git log
commit cbf4f828891b4fa35c173852ab71c3bee84c1075 (HEAD -> master)
Author: jiwon <sby04056@gmail.com>
Date:   Tue Dec 21 17:32:01 2021 +0900

    second commit

commit b3e6a500c48a5a90018d08d7d0cc86e041998522
Author: jiwon <sby04056@gmail.com>
Date:   Tue Dec 21 17:26:07 2021 +0900

    first commit

sby04@DESKTOP-SONJIWON MINGW64 ~/git-practice (master)
$ git log -l
error: switch `l' requires a value

sby04@DESKTOP-SONJIWON MINGW64 ~/git-practice (master)
$ git status
On branch master
Changes not staged for commit:
  (use "git add <file>..." to update what will be committed)
  (use "git restore <file>..." to discard changes in working directory)
        modified:   a.txt

no changes added to commit (use "git add" and/or "git commit -a")

sby04@DESKTOP-SONJIWON MINGW64 ~/git-practice (master)
$ git add
Nothing specified, nothing added.
hint: Maybe you wanted to say 'git add .'?
hint: Turn this message off by running
hint: "git config advice.addEmptyPathspec false"

sby04@DESKTOP-SONJIWON MINGW64 ~/git-practice (master)
$ git add a.txt

sby04@DESKTOP-SONJIWON MINGW64 ~/git-practice (master)
$ git status
On branch master
Changes to be committed:
  (use "git restore --staged <file>..." to unstage)
        modified:   a.txt


sby04@DESKTOP-SONJIWON MINGW64 ~/git-practice (master)
$ git commit -m "third commit"
[master c311a43] third commit
 1 file changed, 2 insertions(+), 1 deletion(-)

sby04@DESKTOP-SONJIWON MINGW64 ~/git-practice (master)
$ git log
commit c311a433264af31d2519d182e61785288bab51c2 (HEAD -> master)
Author: jiwon <sby04056@gmail.com>
Date:   Tue Dec 21 17:49:46 2021 +0900

    third commit

commit cbf4f828891b4fa35c173852ab71c3bee84c1075
Author: jiwon <sby04056@gmail.com>
Date:   Tue Dec 21 17:32:01 2021 +0900

    second commit

commit b3e6a500c48a5a90018d08d7d0cc86e041998522
Author: jiwon <sby04056@gmail.com>
Date:   Tue Dec 21 17:26:07 2021 +0900

    first commit

sby04@DESKTOP-SONJIWON MINGW64 ~/git-practice (master)
$ git log -p
commit c311a433264af31d2519d182e61785288bab51c2 (HEAD -> master)
Author: jiwon <sby04056@gmail.com>
Date:   Tue Dec 21 17:49:46 2021 +0900

    third commit

diff --git a/a.txt b/a.txt
index cb889bf..5dfce5b 100644
--- a/a.txt
+++ b/a.txt
@@ -1 +1,2 @@
-맞춤법 때문에 수정했어요.
\ No newline at end of file
+맞춤법 때문에 수정했어요.
+다시 수정했어요.
\ No newline at end of file

commit cbf4f828891b4fa35c173852ab71c3bee84c1075
Author: jiwon <sby04056@gmail.com>
Date:   Tue Dec 21 17:32:01 2021 +0900
: